{
  "7": "292.5",
  "19": "0",
  "37": "41.59",
  "38": "2.29",
  "41": "4.13"
}