{
  "7": "150",
  "19": "0",
  "37": "21.33",
  "38": "1.17",
  "41": "0"
}